01:17:52.680 [main] INFO  testCases.TC001_AccountRegistrationTest - Clicked on Register Link
01:17:52.720 [main] INFO  testCases.TC001_AccountRegistrationTest - Providing customer details...
01:17:55.974 [main] INFO  testCases.TC001_AccountRegistrationTest - Validating Expected Message...
01:17:56.058 [main] INFO  testCases.TC001_AccountRegistrationTest - ******* Finished TC001_AccountRegistrationTest  ********* 
12:13:04.188 [main] INFO  testCases.TC002_LoginTest - ******Starting TC002_LoginTest*****... 
12:13:07.202 [main] INFO  testCases.TC002_LoginTest - ******Finished TC002_LoginTest*****... 
13:46:09.006 [main] INFO  testCases.TC003_LoginDDT - ********Starting TC003_LoginDDT*******
13:46:16.246 [main] INFO  testCases.TC003_LoginDDT - ********Finished TC003_LoginDDT*******
13:46:16.310 [main] INFO  testCases.TC003_LoginDDT - ********Starting TC003_LoginDDT*******
13:46:21.035 [main] INFO  testCases.TC003_LoginDDT - ********Starting TC003_LoginDDT*******
13:46:36.637 [main] INFO  testCases.TC003_LoginDDT - ********Finished TC003_LoginDDT*******
13:46:36.664 [main] INFO  testCases.TC003_LoginDDT - ********Starting TC003_LoginDDT*******
13:46:52.325 [main] INFO  testCases.TC003_LoginDDT - ********Finished TC003_LoginDDT*******
13:46:52.355 [main] INFO  testCases.TC003_LoginDDT - ********Starting TC003_LoginDDT*******
19:27:38.933 [main] INFO  testCases.TC001_AccountRegistrationTest - ******* Starting TC001_AccountRegistrationTest ****
19:27:39.296 [main] INFO  testCases.TC001_AccountRegistrationTest - Clicked on MyAccount Link
19:27:40.124 [main] INFO  testCases.TC001_AccountRegistrationTest - Clicked on Register Link
19:27:40.138 [main] INFO  testCases.TC001_AccountRegistrationTest - Providing customer details...
19:27:44.552 [main] INFO  testCases.TC001_AccountRegistrationTest - Validating Expected Message...
19:27:44.626 [main] INFO  testCases.TC001_AccountRegistrationTest - ******* Finished TC001_AccountRegistrationTest  ********* 
19:27:49.125 [main] INFO  testCases.TC002_LoginTest - ******Starting TC002_LoginTest*****... 
19:27:52.544 [main] INFO  testCases.TC002_LoginTest - ******Finished TC002_LoginTest*****... 
19:30:38.072 [main] INFO  testCases.TC002_LoginTest - ******Starting TC002_LoginTest*****... 
19:30:46.612 [main] INFO  testCases.TC002_LoginTest - ******Finished TC002_LoginTest*****... 
22:54:47.980 [main] INFO  testCases.TC001_AccountRegistrationTest - ******* Starting TC001_AccountRegistrationTest ****
22:54:48.268 [main] INFO  testCases.TC001_AccountRegistrationTest - Clicked on MyAccount Link
22:54:49.095 [main] INFO  testCases.TC001_AccountRegistrationTest - Clicked on Register Link
22:54:49.103 [main] INFO  testCases.TC001_AccountRegistrationTest - Providing customer details...
22:54:52.534 [main] INFO  testCases.TC001_AccountRegistrationTest - Validating Expected Message...
22:54:52.603 [main] INFO  testCases.TC001_AccountRegistrationTest - ******* Finished TC001_AccountRegistrationTest  ********* 
22:54:57.310 [main] INFO  testCases.TC002_LoginTest - ******Starting TC002_LoginTest*****... 
22:55:00.214 [main] INFO  testCases.TC002_LoginTest - ******Finished TC002_LoginTest*****... 
23:02:10.358 [main] INFO  testCases.TC001_AccountRegistrationTest - ******* Starting TC001_AccountRegistrationTest ****
23:02:10.831 [main] INFO  testCases.TC001_AccountRegistrationTest - Clicked on MyAccount Link
23:02:11.512 [main] INFO  testCases.TC001_AccountRegistrationTest - Clicked on Register Link
23:02:11.520 [main] INFO  testCases.TC001_AccountRegistrationTest - Providing customer details...
23:02:14.850 [main] INFO  testCases.TC001_AccountRegistrationTest - Validating Expected Message...
23:02:14.921 [main] INFO  testCases.TC001_AccountRegistrationTest - ******* Finished TC001_AccountRegistrationTest  ********* 
23:02:19.532 [main] INFO  testCases.TC002_LoginTest - ******Starting TC002_LoginTest*****... 
23:08:19.345 [main] INFO  testCases.TC001_AccountRegistrationTest - ******* Starting TC001_AccountRegistrationTest ****
23:08:19.715 [main] INFO  testCases.TC001_AccountRegistrationTest - Clicked on MyAccount Link
23:08:20.427 [main] INFO  testCases.TC001_AccountRegistrationTest - Clicked on Register Link
23:08:20.433 [main] INFO  testCases.TC001_AccountRegistrationTest - Providing customer details...
23:08:23.363 [main] INFO  testCases.TC001_AccountRegistrationTest - Validating Expected Message...
23:08:23.445 [main] INFO  testCases.TC001_AccountRegistrationTest - ******* Finished TC001_AccountRegistrationTest  ********* 
23:08:27.754 [main] INFO  testCases.TC002_LoginTest - ******Starting TC002_LoginTest*****... 
23:08:30.250 [main] INFO  testCases.TC002_LoginTest - ******Finished TC002_LoginTest*****... 
23:16:40.820 [main] INFO  testCases.TC001_AccountRegistrationTest - ******* Starting TC001_AccountRegistrationTest ****
23:16:41.148 [main] INFO  testCases.TC001_AccountRegistrationTest - Clicked on MyAccount Link
23:16:42.327 [main] INFO  testCases.TC001_AccountRegistrationTest - Clicked on Register Link
