23:16:42.336 [main] INFO  testCases.TC001_AccountRegistrationTest - Providing customer details...
23:16:45.709 [main] INFO  testCases.TC001_AccountRegistrationTest - Validating Expected Message...
23:16:45.781 [main] INFO  testCases.TC001_AccountRegistrationTest - ******* Finished TC001_AccountRegistrationTest  ********* 
23:16:50.952 [main] INFO  testCases.TC002_LoginTest - ******Starting TC002_LoginTest*****... 
23:23:59.476 [main] INFO  testCases.TC002_LoginTest - ******Starting TC002_LoginTest*****... 
23:25:11.160 [main] INFO  testCases.TC002_LoginTest - ******Starting TC002_LoginTest*****... 
23:25:16.145 [main] INFO  testCases.TC002_LoginTest - ******Finished TC002_LoginTest*****... 
23:29:17.980 [main] INFO  testCases.TC003_LoginDDT - ********Starting TC003_LoginDDT*******
23:29:26.484 [main] INFO  testCases.TC003_LoginDDT - ********Finished TC003_LoginDDT*******
23:29:26.542 [main] INFO  testCases.TC003_LoginDDT - ********Starting TC003_LoginDDT*******
23:29:34.657 [main] INFO  testCases.TC003_LoginDDT - ********Starting TC003_LoginDDT*******
23:29:51.397 [main] INFO  testCases.TC003_LoginDDT - ********Finished TC003_LoginDDT*******
23:29:51.415 [main] INFO  testCases.TC003_LoginDDT - ********Starting TC003_LoginDDT*******
23:30:05.433 [main] INFO  testCases.TC003_LoginDDT - ********Finished TC003_LoginDDT*******
23:30:05.452 [main] INFO  testCases.TC003_LoginDDT - ********Starting TC003_LoginDDT*******
23:31:41.004 [main] INFO  testCases.TC001_AccountRegistrationTest - ******* Starting TC001_AccountRegistrationTest ****
23:31:41.654 [main] INFO  testCases.TC001_AccountRegistrationTest - Clicked on MyAccount Link
23:31:42.682 [main] INFO  testCases.TC001_AccountRegistrationTest - Clicked on Register Link
23:31:42.688 [main] INFO  testCases.TC001_AccountRegistrationTest - Providing customer details...
23:31:45.672 [main] INFO  testCases.TC001_AccountRegistrationTest - Validating Expected Message...
23:31:45.731 [main] ERROR testCases.TC001_AccountRegistrationTest - Test failed..
23:31:49.840 [main] INFO  testCases.TC002_LoginTest - ******Starting TC002_LoginTest*****... 
23:31:52.238 [main] INFO  testCases.TC002_LoginTest - ******Finished TC002_LoginTest*****... 
16:01:02.044 [main] INFO  testCases.TC001_AccountRegistrationTest - ******* Starting TC001_AccountRegistrationTest ****
16:01:02.638 [main] INFO  testCases.TC001_AccountRegistrationTest - Clicked on MyAccount Link
16:01:03.355 [main] INFO  testCases.TC001_AccountRegistrationTest - Clicked on Register Link
16:01:03.364 [main] INFO  testCases.TC001_AccountRegistrationTest - Providing customer details...
16:01:07.231 [main] INFO  testCases.TC001_AccountRegistrationTest - Validating Expected Message...
16:01:07.310 [main] INFO  testCases.TC001_AccountRegistrationTest - ******* Finished TC001_AccountRegistrationTest  ********* 
16:01:11.821 [main] INFO  testCases.TC002_LoginTest - ******Starting TC002_LoginTest*****... 
16:01:15.581 [main] INFO  testCases.TC002_LoginTest - ******Finished TC002_LoginTest*****... 
16:03:11.758 [main] INFO  testCases.TC001_AccountRegistrationTest - ******* Starting TC001_AccountRegistrationTest ****
16:03:12.291 [main] INFO  testCases.TC001_AccountRegistrationTest - Clicked on MyAccount Link
16:03:13.066 [main] INFO  testCases.TC001_AccountRegistrationTest - Clicked on Register Link
16:03:13.073 [main] INFO  testCases.TC001_AccountRegistrationTest - Providing customer details...
16:03:16.243 [main] INFO  testCases.TC001_AccountRegistrationTest - Validating Expected Message...
16:03:16.326 [main] INFO  testCases.TC001_AccountRegistrationTest - ******* Finished TC001_AccountRegistrationTest  ********* 
16:03:20.311 [main] INFO  testCases.TC002_LoginTest - ******Starting TC002_LoginTest*****... 
16:03:24.624 [main] INFO  testCases.TC002_LoginTest - ******Finished TC002_LoginTest*****... 
16:06:51.733 [TestNG-tests-3] INFO  testCases.TC001_AccountRegistrationTest - ******* Starting TC001_AccountRegistrationTest ****
16:07:09.687 [TestNG-tests-1] INFO  testCases.TC001_AccountRegistrationTest - ******* Starting TC001_AccountRegistrationTest ****
16:07:09.704 [TestNG-tests-2] INFO  testCases.TC001_AccountRegistrationTest - ******* Starting TC001_AccountRegistrationTest ****
16:07:10.033 [TestNG-tests-1] INFO  testCases.TC001_AccountRegistrationTest - Clicked on MyAccount Link
16:07:10.136 [TestNG-tests-2] INFO  testCases.TC001_AccountRegistrationTest - Clicked on MyAccount Link
19:13:39.799 [main] INFO  testCases.TC001_AccountRegistrationTest - ******* Starting TC001_AccountRegistrationTest ****
19:13:40.182 [main] INFO  testCases.TC001_AccountRegistrationTest - Clicked on MyAccount Link
19:13:41.624 [main] INFO  testCases.TC001_AccountRegistrationTest - Clicked on Register Link
19:13:41.661 [main] INFO  testCases.TC001_AccountRegistrationTest - Providing customer details...
19:13:44.531 [main] INFO  testCases.TC001_AccountRegistrationTest - Validating Expected Message...
19:13:44.608 [main] INFO  testCases.TC001_AccountRegistrationTest - ******* Finished TC001_AccountRegistrationTest  ********* 
